../Drivers/STM32F1xx_HAL_Driver/Inc/stm32f1xx_ll_cortex.h:426:26:LL_CPUID_GetImplementer	4	static
../Drivers/STM32F1xx_HAL_Driver/Inc/stm32f1xx_ll_cortex.h:436:26:LL_CPUID_GetVariant	4	static
../Drivers/STM32F1xx_HAL_Driver/Inc/stm32f1xx_ll_cortex.h:446:26:LL_CPUID_GetConstant	4	static
../Drivers/STM32F1xx_HAL_Driver/Inc/stm32f1xx_ll_cortex.h:456:26:LL_CPUID_GetParNo	4	static
../Drivers/STM32F1xx_HAL_Driver/Inc/stm32f1xx_ll_cortex.h:466:26:LL_CPUID_GetRevision	4	static
../Drivers/STM32F1xx_HAL_Driver/Inc/stm32f1xx_ll_utils.h:167:26:LL_GetUID_Word0	4	static
../Drivers/STM32F1xx_HAL_Driver/Inc/stm32f1xx_ll_utils.h:176:26:LL_GetUID_Word1	4	static
../Drivers/STM32F1xx_HAL_Driver/Inc/stm32f1xx_ll_utils.h:185:26:LL_GetUID_Word2	4	static
../Core/Src/threads/scw_thread_init.c:44:13:scw_infoObj_init	16	static
../Core/Src/threads/scw_thread_init.c:72:13:uptime_counter_begin	8	static
../Core/Src/threads/scw_thread_init.c:79:13:relay_io_init	8	static
../Core/Src/threads/scw_thread_init.c:89:6:scw_thread_init	16	static
