../Core/Src/stm32f1xx_it.c:80:6:NMI_Handler	4	static
../Core/Src/stm32f1xx_it.c:95:6:HardFault_Handler	4	static
../Core/Src/stm32f1xx_it.c:110:6:MemManage_Handler	4	static
../Core/Src/stm32f1xx_it.c:125:6:BusFault_Handler	4	static
../Core/Src/stm32f1xx_it.c:140:6:UsageFault_Handler	4	static
../Core/Src/stm32f1xx_it.c:155:6:DebugMon_Handler	4	static
../Core/Src/stm32f1xx_it.c:175:6:RTC_IRQHandler	8	static
../Core/Src/stm32f1xx_it.c:190:6:DMA1_Channel1_IRQHandler	8	static
../Core/Src/stm32f1xx_it.c:205:6:DMA1_Channel4_IRQHandler	8	static
../Core/Src/stm32f1xx_it.c:220:6:ADC1_2_IRQHandler	8	static
../Core/Src/stm32f1xx_it.c:235:6:I2C1_EV_IRQHandler	8	static
../Core/Src/stm32f1xx_it.c:250:6:I2C1_ER_IRQHandler	8	static
../Core/Src/stm32f1xx_it.c:265:6:USART1_IRQHandler	8	static
../Core/Src/stm32f1xx_it.c:280:6:RTC_Alarm_IRQHandler	8	static
../Core/Src/stm32f1xx_it.c:295:6:TIM8_UP_IRQHandler	8	static
../Core/Src/stm32f1xx_it.c:310:6:UART4_IRQHandler	8	static
../Core/Src/stm32f1xx_it.c:325:6:UART5_IRQHandler	8	static
../Core/Src/stm32f1xx_it.c:340:6:DMA2_Channel3_IRQHandler	8	static
../Core/Src/stm32f1xx_it.c:355:6:DMA2_Channel4_5_IRQHandler	8	static
