../Core/Src/console/cmd_parser.c:163:6:SYS_CMD_Initialize	24	static
../Core/Src/console/cmd_parser.c:184:7:SYS_CMD_ADDGRP	40	static
../Core/Src/console/cmd_parser.c:230:6:RunCmdTask	72	static
../Core/Src/console/cmd_parser.c:409:6:SYS_CMD_MESSAGE	16	static
../Core/Src/console/cmd_parser.c:437:6:SYS_CMD_PRINT	280	static
../Core/Src/console/cmd_parser.c:472:22:SYS_CMDIO_GET_HANDLE	24	static
../Core/Src/console/cmd_parser.c:485:22:SYS_CMDIO_ADD	32	static
../Core/Src/console/cmd_parser.c:521:6:SYS_CMD_DELETE	32	static
../Core/Src/console/cmd_parser.c:572:13:SendCommandMessage	24	static
../Core/Src/console/cmd_parser.c:577:13:SendCommandPrint	292	static
../Core/Src/console/cmd_parser.c:613:13:SendCommandCharacter	16	static
../Core/Src/console/cmd_parser.c:622:12:IsCommandReady	16	static
../Core/Src/console/cmd_parser.c:627:13:GetCommandCharacter	24	static
../Core/Src/console/cmd_parser.c:638:6:doSystemReset	8	static,ignoring_inline_asm
../Core/Src/console/cmd_parser.c:669:13:CommandReset	32	static,ignoring_inline_asm
../Core/Src/console/cmd_parser.c:703:13:CommandHelp	56	static
../Core/Src/console/cmd_parser.c:777:13:ParseCmdBuffer	160	static
../Core/Src/console/cmd_parser.c:852:12:StringToArgs	40	static
../Core/Src/console/cmd_parser.c:904:13:_keyUpProcess	24	static
../Core/Src/console/cmd_parser.c:924:13:_keyDownProcess	24	static
../Core/Src/console/cmd_parser.c:938:13:_keyRightProcess	24	static
../Core/Src/console/cmd_parser.c:950:13:_keyLeftProcess	24	static
../Core/Src/console/cmd_parser.c:962:13:_keyHomeProcess	40	static
../Core/Src/console/cmd_parser.c:977:13:_keyEndProcess	40	static
../Core/Src/console/cmd_parser.c:994:13:DisplayNodeMsg	32	static
../Core/Src/console/cmd_parser.c:1021:13:CmdAddHead	16	static
../Core/Src/console/cmd_parser.c:1038:21:CmdRemoveTail	24	static
../Core/Src/console/cmd_parser.c:1056:13:CmdAdjustPointers	16	static
