../Drivers/STM32F1xx_HAL_Driver/Inc/stm32f1xx_ll_cortex.h:426:26:LL_CPUID_GetImplementer	4	static
../Drivers/STM32F1xx_HAL_Driver/Inc/stm32f1xx_ll_cortex.h:436:26:LL_CPUID_GetVariant	4	static
../Drivers/STM32F1xx_HAL_Driver/Inc/stm32f1xx_ll_cortex.h:446:26:LL_CPUID_GetConstant	4	static
../Drivers/STM32F1xx_HAL_Driver/Inc/stm32f1xx_ll_cortex.h:456:26:LL_CPUID_GetParNo	4	static
../Drivers/STM32F1xx_HAL_Driver/Inc/stm32f1xx_ll_cortex.h:466:26:LL_CPUID_GetRevision	4	static
../Drivers/STM32F1xx_HAL_Driver/Inc/stm32f1xx_ll_utils.h:167:26:LL_GetUID_Word0	4	static
../Drivers/STM32F1xx_HAL_Driver/Inc/stm32f1xx_ll_utils.h:176:26:LL_GetUID_Word1	4	static
../Drivers/STM32F1xx_HAL_Driver/Inc/stm32f1xx_ll_utils.h:185:26:LL_GetUID_Word2	4	static
../Core/Src/cmds/cmds_system.c:36:13:smb_cmd_clearScreen	32	static
../Core/Src/cmds/cmds_system.c:70:13:smb_cmd_taskinfo	64	static
../Core/Src/cmds/cmds_system.c:149:13:smb_cmd_set_exti	40	static
../Core/Src/cmds/cmds_system.c:211:13:smb_cmd_scw	32	static
../Core/Src/cmds/cmds_system.c:241:13:smb_cmd_show	200	static
../Core/Src/cmds/cmds_system.c:347:13:smb_cmd_showuptime	104	static
../Core/Src/cmds/cmds_system.c:386:6:cmd_system_add	8	static
