../Core/Src/cmds/cmds_board.c:36:13:scw_cmd_pcreset	32	static
../Core/Src/cmds/cmds_board.c:58:13:scw_cmd_ssr1	32	static
../Core/Src/cmds/cmds_board.c:74:13:scw_cmd_ssr2	32	static
../Core/Src/cmds/cmds_board.c:90:13:scw_cmd_ssr3	32	static
../Core/Src/cmds/cmds_board.c:106:13:scw_cmd_ssr4	32	static
../Core/Src/cmds/cmds_board.c:122:13:scw_cmd_5v_sw1	32	static
../Core/Src/cmds/cmds_board.c:139:13:scw_cmd_5v_sw2	32	static
../Core/Src/cmds/cmds_board.c:156:13:scw_cmd_12v_sw1	32	static
../Core/Src/cmds/cmds_board.c:173:13:scw_cmd_12v_sw2	32	static
../Core/Src/cmds/cmds_board.c:190:13:scw_cmd_sht2x	104	static
../Core/Src/cmds/cmds_board.c:215:13:scw_cmd_mute	32	static
../Core/Src/cmds/cmds_board.c:232:13:scw_cmd_test	32	static
../Core/Src/cmds/cmds_board.c:278:6:cmd_board_add	8	static
